
> viandmo-pwa@1.0.0 build
> next build

   ▲ Next.js 15.2.4

   Creating an optimized production build ...
 ✓ Compiled successfully
   Linting and checking validity of types ...
node.exe : 
At line:1 char:1
+ & "C:\Program Files\nodejs/node.exe" "C:\Use
rs\engli\AppData\Roaming\ ...
+ ~~~~~~~~~~~~~~~~~~~~~~~~~~~~~~~~~~~~~~~~~~~~
~~~~~~~~~~~~~~~~~~~~~~~~~
    + CategoryInfo          : NotSpecified: ( 
   :String) [], RemoteException
    + FullyQualifiedErrorId : NativeCommandEr 
   ror
 
Failed to compile.

./src/components/LeadForm.tsx
98:138  Error: Unexpected any. Specify a diffe
rent type.  @typescript-eslint/no-explicit-any

./src/components/Reviews.tsx
15:115  Error: `"` can be escaped with `&quot;
`, `&ldquo;`, `&#34;`, `&rdquo;`.  react/no-un
escaped-entities
15:124  Error: `"` can be escaped with `&quot;
`, `&ldquo;`, `&#34;`, `&rdquo;`.  react/no-un
escaped-entities

./src/components/Tracking.tsx
3:8  Error: 'React' is defined but never used.
  @typescript-eslint/no-unused-vars
14:13  Error: Use "@ts-expect-error" instead o
f "@ts-ignore", as "@ts-ignore" will do nothin
g if the following line is error-free.  @types
cript-eslint/ban-ts-comment
19:29  Error: Unexpected any. Specify a differ
ent type.  @typescript-eslint/no-explicit-any
39:66  Error: Unexpected any. Specify a differ
ent type.  @typescript-eslint/no-explicit-any
43:73  Error: Unexpected any. Specify a differ
ent type.  @typescript-eslint/no-explicit-any

info  - Need to disable some ESLint rules? Lea
rn more here: https://nextjs.org/docs/app/api-
reference/config/eslint#disabling-rules
